ÀπŸ‡≈Á°‡¥Á°¥’ (1).png
ÀπŸ‡≈Á°‡¥Á°¥’ (10).png
ÀπŸ‡≈Á°‡¥Á°¥’ (11).png
ÀπŸ‡≈Á°‡¥Á°¥’ (12).png
ÀπŸ‡≈Á°‡¥Á°¥’ (13).png
ÀπŸ‡≈Á°‡¥Á°¥’ (14).png
ÀπŸ‡≈Á°‡¥Á°¥’ (15).png
ÀπŸ‡≈Á°‡¥Á°¥’ (16).png
ÀπŸ‡≈Á°‡¥Á°¥’ (17).png
ÀπŸ‡≈Á°‡¥Á°¥’ (18).png
ÀπŸ‡≈Á°‡¥Á°¥’ (19).png
ÀπŸ‡≈Á°‡¥Á°¥’ (2).png
ÀπŸ‡≈Á°‡¥Á°¥’ (20).png
ÀπŸ‡≈Á°‡¥Á°¥’ (21).png
ÀπŸ‡≈Á°‡¥Á°¥’ (22).png
ÀπŸ‡≈Á°‡¥Á°¥’ (23).png
ÀπŸ‡≈Á°‡¥Á°¥’ (24).png
ÀπŸ‡≈Á°‡¥Á°¥’ (25).png
ÀπŸ‡≈Á°‡¥Á°¥’ (26).png
ÀπŸ‡≈Á°‡¥Á°¥’ (27).png
ÀπŸ‡≈Á°‡¥Á°¥’ (28).png
ÀπŸ‡≈Á°‡¥Á°¥’ (29).png
ÀπŸ‡≈Á°‡¥Á°¥’ (3).png
ÀπŸ‡≈Á°‡¥Á°¥’ (30).png
ÀπŸ‡≈Á°‡¥Á°¥’ (31).png
ÀπŸ‡≈Á°‡¥Á°¥’ (32).png
ÀπŸ‡≈Á°‡¥Á°¥’ (33).png
ÀπŸ‡≈Á°‡¥Á°¥’ (34).png
ÀπŸ‡≈Á°‡¥Á°¥’ (35).png
ÀπŸ‡≈Á°‡¥Á°¥’ (36).png
ÀπŸ‡≈Á°‡¥Á°¥’ (37).png
ÀπŸ‡≈Á°‡¥Á°¥’ (38).png
ÀπŸ‡≈Á°‡¥Á°¥’ (39).png
ÀπŸ‡≈Á°‡¥Á°¥’ (4).png
ÀπŸ‡≈Á°‡¥Á°¥’ (40).png
ÀπŸ‡≈Á°‡¥Á°¥’ (41).png
ÀπŸ‡≈Á°‡¥Á°¥’ (42).png
ÀπŸ‡≈Á°‡¥Á°¥’ (43).png
ÀπŸ‡≈Á°‡¥Á°¥’ (44).png
ÀπŸ‡≈Á°‡¥Á°¥’ (45).png
ÀπŸ‡≈Á°‡¥Á°¥’ (46).png
ÀπŸ‡≈Á°‡¥Á°¥’ (47).png
ÀπŸ‡≈Á°‡¥Á°¥’ (48).png
ÀπŸ‡≈Á°‡¥Á°¥’ (5).png
ÀπŸ‡≈Á°‡¥Á°¥’ (6).png
ÀπŸ‡≈Á°‡¥Á°¥’ (7).png
ÀπŸ‡≈Á°‡¥Á°¥’ (8).png
ÀπŸ‡≈Á°‡¥Á°¥’ (9).png
